[grocery-demo.netlify.app/index.html]
[grocery-demo.netlify.app/assets/img/cart.ico]
[cdnjs.cloudflare.com/ajax/libs/font-awesome/5.15.4/css/all.min.css]
[grocery-demo.netlify.app/assets/css/style.min.css]
[grocery-demo.netlify.app/assets/js/script.js]
[backblue.gif]
[fade.gif]
[index.html]
[grocery-demo.netlify.app/assets/img/home-img.png]
[grocery-demo.netlify.app/assets/img/banner-1.jpg]
[grocery-demo.netlify.app/assets/img/banner-2.jpg]
[grocery-demo.netlify.app/assets/img/category-1.png]
[grocery-demo.netlify.app/assets/img/category-2.png]
[grocery-demo.netlify.app/assets/img/category-3.png]
[grocery-demo.netlify.app/assets/img/category-4.png]
[grocery-demo.netlify.app/assets/img/product-1.png]
[grocery-demo.netlify.app/assets/img/product-2.png]
[grocery-demo.netlify.app/assets/img/product-3.png]
[grocery-demo.netlify.app/assets/img/product-4.png]
[grocery-demo.netlify.app/assets/img/product-5.png]
[grocery-demo.netlify.app/assets/img/product-6.png]
[grocery-demo.netlify.app/assets/img/product-7.png]
[grocery-demo.netlify.app/assets/img/product-8.png]
[grocery-demo.netlify.app/assets/img/product-9.png]
[grocery-demo.netlify.app/index.html]
[cdnjs.cloudflare.com/ajax/libs/font-awesome/5.15.4/css/all.min.css]
[grocery-demo.netlify.app/assets/css/style.min.css]
